18:47:25 **** Incremental Build of configuration Debug for project STM32IDE_CHAP5 ****
make -j8 all 
arm-none-eabi-gcc "../Core/Src/main.c" -mcpu=cortex-m3 -std=gnu11 -g3 -DDEBUG -DUSE_HAL_DRIVER -DSTM32F103x6 -c -I../Core/Inc -I../Drivers/STM32F1xx_HAL_Driver/Inc -I../Drivers/STM32F1xx_HAL_Driver/Inc/Legacy -I../Drivers/CMSIS/Device/ST/STM32F1xx/Include -I../Drivers/CMSIS/Include -O0 -ffunction-sections -fdata-sections -Wall -fstack-usage -MMD -MP -MF"Core/Src/main.d" -MT"Core/Src/main.o" --specs=nano.specs -mfloat-abi=soft -mthumb -o "Core/Src/main.o"
../Core/Src/main.c: In function 'main':
../Core/Src/main.c:129:52: warning: pointer targets in passing argument 1 of 'sprintf' differ in signedness [-Wpointer-sign]
  129 |    HAL_UART_Transmit(&huart2, (void *)str, sprintf(str, "%d\n", ADC_value), 1000);
      |                                                    ^~~
      |                                                    |
      |                                                    uint8_t * {aka unsigned char *}
In file included from ../Core/Src/main.c:26:
c:\st\stm32cubeide_1.7.0\stm32cubeide\plugins\com.st.stm32cube.ide.mcu.externaltools.gnu-tools-for-stm32.9-2020-q2-update.win32_2.0.0.202105311346\tools\arm-none-eabi\include\stdio.h:244:14: note: expected 'char * restrict' but argument is of type 'uint8_t *' {aka 'unsigned char *'}
  244 | int sprintf (char *__restrict, const char *__restrict, ...)
      |              ^
../Core/Src/main.c:129:59: warning: format '%d' expects argument of type 'int', but argument 3 has type 'uint32_t' {aka 'long unsigned int'} [-Wformat=]
  129 |    HAL_UART_Transmit(&huart2, (void *)str, sprintf(str, "%d\n", ADC_value), 1000);
      |                                                          ~^     ~~~~~~~~~
      |                                                           |     |
      |                                                           int   uint32_t {aka long unsigned int}
      |                                                          %ld
arm-none-eabi-gcc -o "STM32IDE_CHAP5.elf" @"objects.list"   -mcpu=cortex-m3 -T"C:\Users\datph\STM32CubeIDE\workspace_1.7.0\CHAP5\STM32IDE_CHAP5\STM32F103C6UX_FLASH.ld" --specs=nosys.specs -Wl,-Map="STM32IDE_CHAP5.map" -Wl,--gc-sections -static --specs=nano.specs -mfloat-abi=soft -mthumb -Wl,--start-group -lc -lm -Wl,--end-group
Finished building target: STM32IDE_CHAP5.elf
 
arm-none-eabi-size   STM32IDE_CHAP5.elf 
arm-none-eabi-objdump -h -S  STM32IDE_CHAP5.elf  > "STM32IDE_CHAP5.list"
arm-none-eabi-objcopy  -O ihex  STM32IDE_CHAP5.elf  "STM32IDE_CHAP5.hex"
arm-none-eabi-objcopy  -O binary  STM32IDE_CHAP5.elf  "STM32IDE_CHAP5.bin"
   text	   data	    bss	    dec	    hex	filename
  13424	    120	   1752	  15296	   3bc0	STM32IDE_CHAP5.elf
Finished building: default.size.stdout
 
Finished building: STM32IDE_CHAP5.hex
Finished building: STM32IDE_CHAP5.bin
 
 
Finished building: STM32IDE_CHAP5.list
 
